// Jest Snapshot v1, https://goo.gl/fbAQLP

exports[`<Speaker /> should match the snapshot with a message 1`] = `
Array [
  <button>
    Speak
  </button>,
  <div />,
  <button>
    Save
  </button>,
  <button>
    Delete
  </button>,
]
`;
